[Fri Jul 05 2019 18:09:19 GMT+0300 (Беларусь (зима))] Layer "© Copyright 2014 FreebiesXpress.com": Unsupported extension: com
